
student@plab27 MINGW64 ~
$ cd ..

student@plab27 MINGW64 /c/Users
$ cd student

student@plab27 MINGW64 ~
$ cd desktop

student@plab27 MINGW64 ~/desktop
$ cd devops

student@plab27 MINGW64 ~/desktop/devops
$ gti clone https://github.com/Ullas789/lab1.git
bash: gti: command not found

student@plab27 MINGW64 ~/desktop/devops
$ git clone https://github.com/Ullas789/lab1.git
Cloning into 'lab1'...
warning: You appear to have cloned an empty repository.

student@plab27 MINGW64 ~/desktop/devops
$ git init
Initialized empty Git repository in C:/Users/student/Desktop/devops/.git/

student@plab27 MINGW64 ~/desktop/devops (master)
$ git status
On branch master

No commits yet

Untracked files:
  (use "git add <file>..." to include in what will be committed)
        lab1/

nothing added to commit but untracked files present (use "git add" to track)

student@plab27 MINGW64 ~/desktop/devops (master)
$ git config -- global user.ullas78999@gmail.com
error: key does not contain a section: global

student@plab27 MINGW64 ~/desktop/devops (master)
$ git config --global user.ullas78999@gmail.com

student@plab27 MINGW64 ~/desktop/devops (master)
$ git config --global user.ullas789

student@plab27 MINGW64 ~/desktop/devops (master)
$ git config --global user.name ullas789

student@plab27 MINGW64 ~/desktop/devops (master)
$ git config --global user.email ullas78999@gmail.com

student@plab27 MINGW64 ~/desktop/devops (master)
$ git config --global --list
user.email=ullas78999@gmail.com
user.name=ullas789

student@plab27 MINGW64 ~/desktop/devops (master)
$ nano first.txt

student@plab27 MINGW64 ~/desktop/devops (master)
$ cd lab1

student@plab27 MINGW64 ~/desktop/devops/lab1 (main)
$ nano 1.txt

student@plab27 MINGW64 ~/desktop/devops/lab1 (main)
$ git add 1.txt
warning: in the working copy of '1.txt', LF will be replaced by CRLF the next time Git touches it

student@plab27 MINGW64 ~/desktop/devops/lab1 (main)
$ git commit -m "my first file"
[main (root-commit) 426bfd8] my first file
 1 file changed, 2 insertions(+)
 create mode 100644 1.txt

student@plab27 MINGW64 ~/desktop/devops/lab1 (main)
$ git push
Enumerating objects: 3, done.
Counting objects: 100% (3/3), done.
Writing objects: 100% (3/3), 222 bytes | 111.00 KiB/s, done.
Total 3 (delta 0), reused 0 (delta 0), pack-reused 0
To https://github.com/Ullas789/lab1.git
 * [new branch]      main -> main

